[debug] [2026-08-27T05:57:31.697Z] ----------------------------------------------------------------------
[debug] [2026-08-27T05:57:31.699Z] Command:       C:\Program Files\nodejs\node.exe C:\Users\HP\AppData\Roaming\npm\node_modules\firebase-tools\lib\bin\firebase.js deploy
[debug] [2026-08-27T05:57:31.700Z] CLI Version:   15.28.1
[debug] [2026-08-27T05:57:31.700Z] Platform:      win32
[debug] [2026-08-27T05:57:31.700Z] Node Version:  v22.14.0
[debug] [2026-08-27T05:57:31.700Z] Detected Agent: antigravity
[debug] [2026-08-27T05:57:31.701Z] Time:          Thu Aug 27 2026 11:27:31 GMT+0530 (India Standard Time)
[debug] [2026-08-27T05:57:31.701Z] ----------------------------------------------------------------------
[debug] 
[debug] [2026-08-27T05:57:36.388Z] > command requires scopes: ["email","openid","https://www.googleapis.com/auth/cloudplatformprojects.readonly","https://www.googleapis.com/auth/firebase","https://www.googleapis.com/auth/cloud-platform"]
[debug] [2026-08-27T05:57:36.389Z] > authorizing via signed-in user (unistrixindia@gmail.com)
[debug] [2026-08-27T05:57:36.389Z] [iam] checking project nermaiiasacademy-519c8 for permissions ["cloudfunctions.functions.create","cloudfunctions.functions.delete","cloudfunctions.functions.get","cloudfunctions.functions.list","cloudfunctions.functions.update","cloudfunctions.operations.get","datastore.indexes.create","datastore.indexes.delete","datastore.indexes.list","datastore.indexes.update","firebase.projects.get","firebasehosting.sites.update"]
[debug] [2026-08-27T05:57:36.403Z] Checked if tokens are valid: false, expires at: 1787811121289
[debug] [2026-08-27T05:57:36.403Z] Checked if tokens are valid: false, expires at: 1787811121289
[debug] [2026-08-27T05:57:36.404Z] > refreshing access token with scopes: []
[debug] [2026-08-27T05:57:36.407Z] >>> [apiv2][query] POST https://www.googleapis.com/oauth2/v3/token [none]
[debug] [2026-08-27T05:57:36.407Z] >>> [apiv2][body] POST https://www.googleapis.com/oauth2/v3/token [omitted]
[debug] [2026-08-27T05:57:37.026Z] <<< [apiv2][status] POST https://www.googleapis.com/oauth2/v3/token 200
[debug] [2026-08-27T05:57:37.026Z] <<< [apiv2][body] POST https://www.googleapis.com/oauth2/v3/token [omitted]
[debug] [2026-08-27T05:57:37.037Z] >>> [apiv2][query] POST https://cloudresourcemanager.googleapis.com/v1/projects/nermaiiasacademy-519c8:testIamPermissions [none]
[debug] [2026-08-27T05:57:37.037Z] >>> [apiv2][(partial)header] POST https://cloudresourcemanager.googleapis.com/v1/projects/nermaiiasacademy-519c8:testIamPermissions  x-goog-user-project=nermaiiasacademy-519c8
[debug] [2026-08-27T05:57:37.038Z] >>> [apiv2][body] POST https://cloudresourcemanager.googleapis.com/v1/projects/nermaiiasacademy-519c8:testIamPermissions {"permissions":["cloudfunctions.functions.create","cloudfunctions.functions.delete","cloudfunctions.functions.get","cloudfunctions.functions.list","cloudfunctions.functions.update","cloudfunctions.operations.get","datastore.indexes.create","datastore.indexes.delete","datastore.indexes.list","datastore.indexes.update","firebase.projects.get","firebasehosting.sites.update"]}
